[yorkstreetspa.com/index.html]
[backblue.gif]
[fade.gif]
[index.html]
[yorkstreetspa.com/wp-content/themes/twentyseventeen/assets/fonts/font-libre-franklin6a62.css]
[yorkstreetspa.com/feed/index.html]
[yorkstreetspa.com/comments/feed/index.html]
[yorkstreetspa.com/wp-content/themes/twentyseventeen/style2a09.css]
[yorkstreetspa.com/wp-content/themes/twentyseventeen/assets/css/blocks1cd1.css]
[yorkstreetspa.com/wp-content/plugins/elementor/assets/css/frontend-lite.min5f06.css]
[yorkstreetspa.com/wp-content/plugins/elementor/assets/lib/swiper/v8/css/swiper.min94a4.css]
[yorkstreetspa.com/wp-content/uploads/elementor/css/post-44db14.css]
[yorkstreetspa.com/wp-content/plugins/elementor-pro/assets/css/frontend-lite.minaad7.css]
[yorkstreetspa.com/wp-content/uploads/elementor/css/globaldb14.css]
[yorkstreetspa.com/wp-content/uploads/elementor/css/post-46aae3.css]
[yorkstreetspa.com/wp-content/uploads/elementor/css/post-387db14.css]
[yorkstreetspa.com/wp-content/uploads/elementor/css/post-54db14.css]
[yorkstreetspa.com/wp-content/uploads/elementor/css/post-368db14.css]
[yorkstreetspa.com/wp-includes/js/jquery/jquery.minf43b.js]
[yorkstreetspa.com/wp-includes/js/jquery/jquery-migrate.min5589.js]
[yorkstreetspa.com/wp-content/themes/twentyseventeen/assets/js/globalb10e.js]
[yorkstreetspa.com/wp-json/index.html]
[yorkstreetspa.com/wp-json/wp/v2/pages/46.json]
[yorkstreetspa.com/xmlrpc0db0.php]
[yorkstreetspa.com/wp-json/oembed/1.0/embedc64c.json]
[yorkstreetspa.com/wp-json/oembed/1.0/embed8bbc]
[yorkstreetspa.com/wp-content/uploads/2023/12/scroll.png]
[yorkstreetspa.com/wp-content/uploads/2023/12/y1.png]
[yorkstreetspa.com/wp-content/uploads/2023/12/y2.png]
[yorkstreetspa.com/wp-content/uploads/2023/12/y3.png]
[yorkstreetspa.com/wp-content/plugins/elementor/assets/css/widget-icon-list.min.css]
[yorkstreetspa.com/contact-us/index.html]
[yorkstreetspa.com/wp-content/uploads/2023/12/ys1.png]
[yorkstreetspa.com/spa/index.html]
[yorkstreetspa.com/massage/index.html]
[yorkstreetspa.com/salon/index.html]
[yorkstreetspa.com/medi-spa-services/index.html]
[yorkstreetspa.com/wp-content/uploads/2023/12/ys2.png]
[yorkstreetspa.com/wp-content/uploads/2023/12/ys3.png]
[yorkstreetspa.com/spa-packages/index.html]
[yorkstreetspa.com/wp-content/uploads/2023/12/ys4a.png]
[yorkstreetspa.com/gift-cards/index.html]
[yorkstreetspa.com/wedding-services/index.html]
[yorkstreetspa.com/wp-content/uploads/2023/12/ys5.png]
[yorkstreetspa.com/about-us/index.html]
[yorkstreetspa.com/wp-content/uploads/2023/12/ys6.png]
[yorkstreetspa.com/wp-content/uploads/2023/12/ys7.png]
[yorkstreetspa.com/wp-content/uploads/2023/12/ys8.png]
[yorkstreetspa.com/wp-content/uploads/2023/12/ys9.png]
[yorkstreetspa.com/wp-content/uploads/2023/12/products-yss.png]
[yorkstreetspa.com/wp-content/plugins/elementor-pro/assets/css/widget-nav-menu.min.css]
[yorkstreetspa.com/wp-content/plugins/elementor/assets/lib/animations/animations.min5f06.css]
[yorkstreetspa.com/wp-content/uploads/trustindex-google-widget0a42.css]
[yorkstreetspa.com/appointment-policies/index.html]
[yorkstreetspa.com/wp-content/plugins/elementor/assets/lib/e-gallery/css/e-gallery.min7359.css]
[yorkstreetspa.com/salon/hair-styles/index.html]
[yorkstreetspa.com/salon/haircuts/index.html]
[yorkstreetspa.com/wp-content/themes/twentyseventeen/assets/js/jquery.scrollTo4c71.js]
[yorkstreetspa.com/salon/curly-cuts-and-curly-styles/index.html]
[cdn.trustindex.io/loader75e4.js]
[yorkstreetspa.com/salon/hair-treatments/index.html]
[yorkstreetspa.com/salon/colouring/index.html]
[yorkstreetspa.com/salon/textured-services/index.html]
[yorkstreetspa.com/wp-content/plugins/elementor/assets/lib/e-gallery/js/e-gallery.min7359.js]
[yorkstreetspa.com/salon/protective-styles/index.html]
[yorkstreetspa.com/salon/hair-extensions/index.html]
[yorkstreetspa.com/facials/aveda-facial/index.html]
[yorkstreetspa.com/wp-content/plugins/elementor-pro/assets/lib/smartmenus/jquery.smartmenus.minf269.js]
[yorkstreetspa.com/body/index.html]
[yorkstreetspa.com/sauna/index.html]
[yorkstreetspa.com/waxing/index.html]
[yorkstreetspa.com/wp-content/plugins/elementor-pro/assets/js/webpack-pro.runtime.minaad7.js]
[yorkstreetspa.com/manicure/index.html]
[yorkstreetspa.com/pedicure/index.html]
[yorkstreetspa.com/lash-extension/index.html]
[yorkstreetspa.com/wp-content/plugins/elementor/assets/js/webpack.runtime.min5f06.js]
[yorkstreetspa.com/lifting-tinting/index.html]
[yorkstreetspa.com/makeup/index.html]
[yorkstreetspa.com/microblading/index.html]
[yorkstreetspa.com/wp-content/plugins/elementor/assets/js/frontend-modules.min5f06.js]
[yorkstreetspa.com/microneedling/index.html]
[yorkstreetspa.com/cosmetic-injectables/index.html]
[yorkstreetspa.com/cosmetic-injectables/botox-2/index.html]
[yorkstreetspa.com/wp-includes/js/dist/vendor/wp-polyfill-inert.min0226.js]
[yorkstreetspa.com/cosmetic-injectables/dermal-filler/index.html]
[yorkstreetspa.com/laser-services/index.html]
[yorkstreetspa.com/laser-hair-removal/index.html]
[yorkstreetspa.com/wp-includes/js/dist/vendor/regenerator-runtime.min6c85.js]
[yorkstreetspa.com/skin-tightening/index.html]
[yorkstreetspa.com/wp-includes/js/dist/vendor/wp-polyfill.min2c7c.js]
[yorkstreetspa.com/skin-rejuvenation/index.html]
[yorkstreetspa.com/vascular-issues-pigmentation-and-lesion-treatment/index.html]
[yorkstreetspa.com/massage-therapy/index.html]
[yorkstreetspa.com/wp-includes/js/dist/hooks.min2ebd.js]
[yorkstreetspa.com/wp-includes/js/dist/i18n.minf92f.js]
[yorkstreetspa.com/wedding/index.html]
[yorkstreetspa.com/catalog-retail/index.html]
[yorkstreetspa.com/wp-content/plugins/elementor-pro/assets/js/frontend.minaad7.js]
[yorkstreetspa.com/wp-content/plugins/elementor/assets/lib/waypoints/waypoints.min05da.js]
[yorkstreetspa.com/wp-includes/js/jquery/ui/core.min3f14.js]
[yorkstreetspa.com/wp-content/plugins/elementor/assets/js/frontend.min5f06.js]
[yorkstreetspa.com/wp-content/plugins/elementor-pro/assets/js/preloaded-elements-handlers.minaad7.js]
[yorkstreetspa.com/index.html]
[yorkstreetspa.com/wp-content/plugins/elementor-pro/assets/lib/sticky/jquery.sticky.minaad7.js]
[yorkstreetspa.com/wp-content/themes/twentyseventeen/assets/fonts/libre-franklin/libre-franklin-vietnamese-300-normal7e00.woff2]
[yorkstreetspa.com/wp-content/themes/twentyseventeen/assets/fonts/libre-franklin/libre-franklin-all-300-normal7e00.woff]
[yorkstreetspa.com/wp-content/themes/twentyseventeen/assets/fonts/libre-franklin/libre-franklin-latin-ext-300-normal7e00.woff2]
[yorkstreetspa.com/wp-content/themes/twentyseventeen/assets/fonts/libre-franklin/libre-franklin-latin-300-normal7e00.woff2]
[yorkstreetspa.com/wp-content/themes/twentyseventeen/assets/fonts/libre-franklin/libre-franklin-vietnamese-300-italic7e00.woff2]
[yorkstreetspa.com/wp-content/themes/twentyseventeen/assets/fonts/libre-franklin/libre-franklin-all-300-italic7e00.woff]
[yorkstreetspa.com/wp-content/themes/twentyseventeen/assets/fonts/libre-franklin/libre-franklin-latin-ext-300-italic7e00.woff2]
[yorkstreetspa.com/wp-content/themes/twentyseventeen/assets/fonts/libre-franklin/libre-franklin-latin-300-italic7e00.woff2]
[yorkstreetspa.com/wp-content/themes/twentyseventeen/assets/fonts/libre-franklin/libre-franklin-vietnamese-400-normal7e00.woff2]
[yorkstreetspa.com/wp-content/themes/twentyseventeen/assets/fonts/libre-franklin/libre-franklin-all-400-normal7e00.woff]
[yorkstreetspa.com/wp-content/themes/twentyseventeen/assets/fonts/libre-franklin/libre-franklin-latin-ext-400-normal7e00.woff2]
[yorkstreetspa.com/wp-content/themes/twentyseventeen/assets/fonts/libre-franklin/libre-franklin-latin-400-normal7e00.woff2]
[yorkstreetspa.com/wp-content/themes/twentyseventeen/assets/fonts/libre-franklin/libre-franklin-vietnamese-400-italic7e00.woff2]
[yorkstreetspa.com/wp-content/themes/twentyseventeen/assets/fonts/libre-franklin/libre-franklin-all-400-italic7e00.woff]
[yorkstreetspa.com/wp-content/themes/twentyseventeen/assets/fonts/libre-franklin/libre-franklin-latin-ext-400-italic7e00.woff2]
[yorkstreetspa.com/wp-content/themes/twentyseventeen/assets/fonts/libre-franklin/libre-franklin-latin-400-italic7e00.woff2]
[yorkstreetspa.com/wp-content/themes/twentyseventeen/assets/fonts/libre-franklin/libre-franklin-vietnamese-600-normal7e00.woff2]
[yorkstreetspa.com/wp-content/themes/twentyseventeen/assets/fonts/libre-franklin/libre-franklin-all-600-normal7e00.woff]
[yorkstreetspa.com/wp-content/themes/twentyseventeen/assets/fonts/libre-franklin/libre-franklin-latin-ext-600-normal7e00.woff2]
[yorkstreetspa.com/wp-content/themes/twentyseventeen/assets/fonts/libre-franklin/libre-franklin-latin-600-normal7e00.woff2]
[yorkstreetspa.com/wp-content/themes/twentyseventeen/assets/fonts/libre-franklin/libre-franklin-vietnamese-600-italic7e00.woff2]
[yorkstreetspa.com/wp-content/themes/twentyseventeen/assets/fonts/libre-franklin/libre-franklin-all-600-italic7e00.woff]
[yorkstreetspa.com/wp-content/themes/twentyseventeen/assets/fonts/libre-franklin/libre-franklin-latin-ext-600-italic7e00.woff2]
[yorkstreetspa.com/wp-content/themes/twentyseventeen/assets/fonts/libre-franklin/libre-franklin-latin-600-italic7e00.woff2]
[yorkstreetspa.com/wp-content/themes/twentyseventeen/assets/fonts/libre-franklin/libre-franklin-vietnamese-800-normal7e00.woff2]
[yorkstreetspa.com/wp-content/themes/twentyseventeen/assets/fonts/libre-franklin/libre-franklin-all-800-normal7e00.woff]
[yorkstreetspa.com/wp-content/themes/twentyseventeen/assets/fonts/libre-franklin/libre-franklin-latin-ext-800-normal7e00.woff2]
[yorkstreetspa.com/wp-content/themes/twentyseventeen/assets/fonts/libre-franklin/libre-franklin-latin-800-normal7e00.woff2]
[yorkstreetspa.com/wp-content/themes/twentyseventeen/assets/fonts/libre-franklin/libre-franklin-vietnamese-800-italic7e00.woff2]
[yorkstreetspa.com/wp-content/themes/twentyseventeen/assets/fonts/libre-franklin/libre-franklin-all-800-italic7e00.woff]
[yorkstreetspa.com/wp-content/themes/twentyseventeen/assets/fonts/libre-franklin/libre-franklin-latin-ext-800-italic7e00.woff2]
[yorkstreetspa.com/wp-content/themes/twentyseventeen/assets/fonts/font-libre-franklin6a62.css]
[yorkstreetspa.com/wp-content/themes/twentyseventeen/assets/fonts/libre-franklin/libre-franklin-latin-800-italic7e00.woff2]
[yorkstreetspa.com/wp-content/themes/twentyseventeen/style2a09.css]
[yorkstreetspa.com/wp-content/themes/twentyseventeen/assets/css/blocks1cd1.css]
[yorkstreetspa.com/wp-content/plugins/elementor/assets/css/frontend-lite.min5f06.css]
[yorkstreetspa.com/wp-content/plugins/elementor/assets/lib/swiper/v8/css/swiper.min94a4.css]
[yorkstreetspa.com/wp-content/uploads/elementor/css/post-44db14.css]
[yorkstreetspa.com/wp-content/plugins/elementor-pro/assets/css/frontend-lite.minaad7.css]
[yorkstreetspa.com/wp-content/uploads/elementor/css/globaldb14.css]
[yorkstreetspa.com/wp-content/uploads/2023/12/yss-main-banner.png]
[yorkstreetspa.com/wp-content/uploads/2023/12/yss1.png]
[yorkstreetspa.com/wp-content/uploads/2023/12/yss2.png]
[yorkstreetspa.com/wp-content/uploads/2023/12/yss3.png]
[yorkstreetspa.com/wp-content/uploads/2023/12/yss4-1.png]
[yorkstreetspa.com/wp-content/uploads/2023/12/yss5-1.png]
[yorkstreetspa.com/wp-content/uploads/2023/12/yss6.png]
[yorkstreetspa.com/wp-content/uploads/2023/12/ys4-2.png]
[yorkstreetspa.com/wp-content/uploads/elementor/css/post-46aae3.css]
[yorkstreetspa.com/wp-content/uploads/elementor/css/post-387db14.css]
[yorkstreetspa.com/wp-content/uploads/elementor/css/post-54db14.css]
[yorkstreetspa.com/wp-content/uploads/elementor/css/post-368db14.css]
[yorkstreetspa.com/wp-includes/js/jquery/jquery.minf43b.js]
[yorkstreetspa.com/wp-includes/js/jquery/jquery-migrate.min5589.js]
[yorkstreetspa.com/wp-content/themes/twentyseventeen/assets/js/globalb10e.js]
[yorkstreetspa.com/wp-content/uploads/elementor/css/post-1317ef64.css]
[yorkstreetspa.com/wp-content/uploads/elementor/css/post-44545c3.css]
[yorkstreetspa.com/wp-content/plugins/gravityforms/assets/css/dist/basic.minfae6.css]
[yorkstreetspa.com/wp-content/plugins/gravityforms/assets/css/dist/theme-ie11.minfae6.css]
[yorkstreetspa.com/wp-content/plugins/gravityforms/assets/css/dist/theme.minfae6.css]
[yorkstreetspa.com/wp-content/plugins/gravityforms/js/jquery.json.minfae6.js]
[yorkstreetspa.com/wp-content/plugins/gravityforms/js/gravityforms.minfae6.js]
[yorkstreetspa.com/wp-content/plugins/gravityforms/assets/js/dist/utils.minbdb4.js]
[yorkstreetspa.com/wp-json/wp/v2/pages/1317.json]
[yorkstreetspa.com/wp-json/oembed/1.0/embeda354.json]
[yorkstreetspa.com/wp-json/oembed/1.0/embeda111]
[yorkstreetspa.com/wp-content/plugins/elementor-pro/assets/css/widget-theme-elements.min.css]
[yorkstreetspa.com/wp-content/uploads/2024/01/P4113479.jpg]
[yorkstreetspa.com/wp-content/plugins/gravityforms/images/spinner.svg]
[yorkstreetspa.com/wp-includes/js/dist/dom-ready.minded6.js]
[yorkstreetspa.com/wp-includes/js/dist/a11y.min866e.js]
[yorkstreetspa.com/wp-content/plugins/gravityforms/js/jquery.textareaCounter.plugin.minfae6.js]
[yorkstreetspa.com/wp-content/plugins/gravityforms/js/jquery.maskedinput.minfae6.js]
[yorkstreetspa.com/wp-content/plugins/gravityforms/js/placeholders.jquery.minfae6.js]
[yorkstreetspa.com/wp-content/plugins/gravityforms/assets/js/dist/vendor-theme.minca9e.js]
[yorkstreetspa.com/wp-content/plugins/gravityforms/assets/js/dist/scripts-theme.min00af.js]
[yorkstreetspa.com/contact-us/index.html]
[yorkstreetspa.com/wp-content/uploads/elementor/css/post-26360178.css]
[yorkstreetspa.com/wp-json/wp/v2/pages/2636.json]
[yorkstreetspa.com/wp-json/oembed/1.0/embede50a.json]
[yorkstreetspa.com/wp-json/oembed/1.0/embed06f8]
[yorkstreetspa.com/wp-content/uploads/2024/04/dl.beatsnoop.com-final-u6lPkyoivf.jpg]
[yorkstreetspa.com/wp-content/uploads/2024/04/facial.png]
[yorkstreetspa.com/wp-content/uploads/2023/12/body-treatment-e1510849739883.jpg]
[yorkstreetspa.com/wp-content/uploads/2024/04/10703686_980995755259349_2147592860483484961_n.jpg]
[yorkstreetspa.com/wp-content/uploads/2024/04/dl.beatsnoop.com-final-cwxvBYn3Ip.jpg]
[yorkstreetspa.com/wp-content/uploads/2024/04/39954419_540582793030457_7333622349721239552_n-1024x1024.jpg]
[yorkstreetspa.com/wp-content/uploads/2024/04/pedi.png]
[yorkstreetspa.com/wp-content/uploads/2023/12/65195649_706147426489918_7373394955072295240_n.jpg]
[yorkstreetspa.com/wp-content/uploads/2024/04/328036285_509329007992385_1694569194783474155_n.jpg]
[yorkstreetspa.com/wp-content/uploads/2024/04/10929136_1097816890243901_5658452215419945383_n.jpg]
[yorkstreetspa.com/wp-content/uploads/2024/04/356082474_738031954989693_596740242888165450_n-1024x1024.jpg]
[yorkstreetspa.com/spa/index.html]
[yorkstreetspa.com/wp-content/uploads/elementor/css/post-65021dd.css]
[yorkstreetspa.com/wp-json/wp/v2/pages/650.json]
[yorkstreetspa.com/wp-json/oembed/1.0/embed3c28.json]
[yorkstreetspa.com/wp-json/oembed/1.0/embed9722]
[yorkstreetspa.com/wp-content/uploads/2023/12/spa-still-life-wellness-relax-5028.jpg]
[yorkstreetspa.com/massage/index.html]
[yorkstreetspa.com/wp-content/uploads/elementor/css/post-453deca.css]
[yorkstreetspa.com/wp-json/wp/v2/pages/453.json]
[yorkstreetspa.com/wp-json/oembed/1.0/embed0b40.json]
[yorkstreetspa.com/wp-json/oembed/1.0/embed6d20]
[yorkstreetspa.com/wp-content/uploads/2023/12/50536327_296564444376269_4450438033598653538_n.jpg]
[yorkstreetspa.com/wp-content/uploads/2023/12/67812921_357176711875002_6264233050112035771_n.jpg]
[yorkstreetspa.com/wp-content/uploads/2023/12/241381834_580625039788664_4895809958479594173_n.jpg]
[yorkstreetspa.com/wp-content/uploads/2023/12/IMG_20210731_142019_190-767x1024.jpg]
[yorkstreetspa.com/wp-content/uploads/2024/04/347435573_804149864087830_5107611795050521730_n-819x1024.jpg]
[yorkstreetspa.com/wp-content/uploads/2024/04/350318368_1780584305694344_1813246824536652431_n.jpg]
[yorkstreetspa.com/salon/index.html]
[yorkstreetspa.com/indexc471.html]
[yorkstreetspa.com/wp-content/uploads/elementor/css/post-209413cc.css]
[yorkstreetspa.com/salon/treatment/index.html]
[yorkstreetspa.com/wp-json/wp/v2/pages/2094.json]
[yorkstreetspa.com/wp-json/oembed/1.0/embed8e25.json]
[yorkstreetspa.com/wp-json/oembed/1.0/embed9235]
[yorkstreetspa.com/wp-content/uploads/2024/04/10942585_1055747384450852_3940937030620745480_n.jpg]
[yorkstreetspa.com/medi-spa-services/index.html]
[yorkstreetspa.com/wp-content/uploads/elementor/css/post-228713cc.css]
[yorkstreetspa.com/wp-json/wp/v2/pages/2287.json]
[yorkstreetspa.com/wp-json/oembed/1.0/embed1593.json]
[yorkstreetspa.com/wp-json/oembed/1.0/embedef08]
[yorkstreetspa.com/wp-content/uploads/2024/04/10662169_986916004667324_8438075270923464653_o.jpg]
[yorkstreetspa.com/spa-packages/index.html]
[yorkstreetspa.com/wp-content/uploads/elementor/css/post-106513cc.css]
[yorkstreetspa.com/wp-json/wp/v2/pages/1065.json]
[yorkstreetspa.com/wp-json/oembed/1.0/embed9e85.json]
[yorkstreetspa.com/wp-json/oembed/1.0/embed9efd]
[yorkstreetspa.com/wp-content/uploads/2024/01/gc.jpg]
[yorkstreetspa.com/gift-cards/index.html]
[yorkstreetspa.com/wp-content/uploads/elementor/css/post-230013cc.css]
[yorkstreetspa.com/wp-json/wp/v2/pages/2300.json]
[yorkstreetspa.com/buy-gift-card-paypal/index.html]
[yorkstreetspa.com/wp-json/oembed/1.0/embed3c21.json]
[yorkstreetspa.com/wp-json/oembed/1.0/embed5778]
[yorkstreetspa.com/wp-content/uploads/2024/04/wedding.png]
[yorkstreetspa.com/wedding-services/index.html]
[yorkstreetspa.com/wp-content/uploads/elementor/css/post-238645c3.css]
[yorkstreetspa.com/wp-json/wp/v2/pages/2386.json]
[yorkstreetspa.com/wp-json/oembed/1.0/embedeefe.json]
[yorkstreetspa.com/wp-json/oembed/1.0/embeda621]
[yorkstreetspa.com/wp-content/uploads/2024/04/271132288_332800152179544_7085037399216858942_n.jpg]
[yorkstreetspa.com/salon-team/index.html]
[yorkstreetspa.com/wp-content/uploads/2024/04/263796597_619874215801922_2520900321490439630_n.jpg]
[yorkstreetspa.com/massage-team/index.html]
[yorkstreetspa.com/about-us/index.html]
[yorkstreetspa.com/spa-team/index.html]
[yorkstreetspa.com/wp-content/plugins/elementor/assets/css/widget-icon-list.min.css]
[yorkstreetspa.com/support-team/index.html]
[yorkstreetspa.com/cosmetic-injector/index.html]
[yorkstreetspa.com/wp-content/uploads/elementor/css/post-1272e80f.css]
[yorkstreetspa.com/wp-json/wp/v2/pages/1272.json]
[yorkstreetspa.com/wp-json/oembed/1.0/embed3739.json]
[yorkstreetspa.com/appointment-policies/index.html]
[yorkstreetspa.com/wp-content/plugins/elementor-pro/assets/css/widget-nav-menu.min.css]
[yorkstreetspa.com/wp-json/oembed/1.0/embed6795]
[yorkstreetspa.com/wp-content/uploads/elementor/css/post-1554b2fa.css]
[yorkstreetspa.com/wp-json/wp/v2/pages/1554.json]
[yorkstreetspa.com/wp-json/oembed/1.0/embeda17c.json]
[yorkstreetspa.com/wp-json/oembed/1.0/embedd375]
[yorkstreetspa.com/wp-content/uploads/2024/04/347553113_749358270523728_1570117606240214361_n.jpg]
[yorkstreetspa.com/wp-content/uploads/2024/04/67232504_3447365511955682_2904828060370993152_n.jpg]
[yorkstreetspa.com/wp-content/uploads/2023/12/242331428_220401506816600_4423282049126314368_n.jpg]
[yorkstreetspa.com/wp-content/uploads/2024/04/33176534_2486648138027429_547170685957439488_n.jpg]
[yorkstreetspa.com/wp-content/uploads/2024/04/344544224_262458812825771_8450360766792935556_n-818x1024.jpg]
[yorkstreetspa.com/wp-content/uploads/2024/04/342040568_746413867134866_7875919085659915725_n-818x1024.jpg]
[yorkstreetspa.com/salon/hair-styles/index.html]
[yorkstreetspa.com/wp-content/uploads/elementor/css/post-15061657.css]
[yorkstreetspa.com/wp-json/wp/v2/pages/1506.json]
[yorkstreetspa.com/wp-json/oembed/1.0/embede87b.json]
[yorkstreetspa.com/wp-json/oembed/1.0/embeda29f]
[yorkstreetspa.com/wp-content/uploads/2024/04/120917977_5130790880279795_2841421444811378046_n-912x1024.jpg]
[yorkstreetspa.com/wp-content/uploads/2024/04/20746371_2075453975813516_7753591531132266339_o-1024x1024.jpg]
[yorkstreetspa.com/wp-content/uploads/2024/04/337160726_881752756242692_1152702151007633090_n.jpg]
[yorkstreetspa.com/wp-content/uploads/2024/04/380694435_793923856067169_1796129434807877499_n-818x1024.jpg]
[yorkstreetspa.com/wp-content/uploads/2024/04/362518028_756231699836385_7089069774643599310_n.jpg]
[yorkstreetspa.com/salon/haircuts/index.html]
[yorkstreetspa.com/wp-content/uploads/elementor/css/post-15827a35.css]
[yorkstreetspa.com/wp-json/wp/v2/pages/1582.json]
[yorkstreetspa.com/wp-json/oembed/1.0/embed0988.json]
[yorkstreetspa.com/wp-json/oembed/1.0/embede455]
[yorkstreetspa.com/wp-content/uploads/2024/04/28379515_2358058657553045_4201413389398241310_n.jpg]
[yorkstreetspa.com/wp-content/uploads/2024/04/342039678_611669324176968_490043047220531585_n-817x1024.jpg]
[yorkstreetspa.com/wp-content/uploads/2024/04/19274797_1998176403541274_2637711071573341982_n.jpg]
[yorkstreetspa.com/wp-content/uploads/2024/04/371020563_779300814196140_9107066527514869956_n-819x1024.jpg]
[yorkstreetspa.com/wp-content/uploads/2024/04/19059037_1985078884851026_1726343765638330154_n.png]
[yorkstreetspa.com/salon/curly-cuts-and-curly-styles/index.html]
[yorkstreetspa.com/wp-content/uploads/elementor/css/post-161089da.css]
[yorkstreetspa.com/wp-json/wp/v2/pages/1610.json]
[yorkstreetspa.com/wp-json/oembed/1.0/embed3ad0.json]
[yorkstreetspa.com/wp-json/oembed/1.0/embedb0a5]
[yorkstreetspa.com/wp-content/uploads/2024/04/365069984_762577349201820_7394061797051771160_n.jpg]
[yorkstreetspa.com/salon/hair-treatments/index.html]
[yorkstreetspa.com/wp-content/uploads/elementor/css/post-2550661f.css]
[yorkstreetspa.com/wp-json/wp/v2/pages/2550.json]
[yorkstreetspa.com/wp-json/oembed/1.0/embed5def.json]
[yorkstreetspa.com/wp-json/oembed/1.0/embed1d0f]
[yorkstreetspa.com/wp-content/uploads/2024/04/27893564_201100080625601_6759614113938145280_n.jpg]
[yorkstreetspa.com/salon/colouring/index.html]
[yorkstreetspa.com/wp-content/uploads/elementor/css/post-2612a190.css]
[yorkstreetspa.com/wp-json/wp/v2/pages/2612.json]
[yorkstreetspa.com/wp-json/oembed/1.0/embedfb12.json]
[yorkstreetspa.com/wp-json/oembed/1.0/embed5e2c]
[yorkstreetspa.com/wp-content/uploads/2024/04/19243334_2014629251895989_3203375986009761771_o.jpg]
[yorkstreetspa.com/salon/textured-services/index.html]
[yorkstreetspa.com/wp-content/uploads/elementor/css/post-25943640.css]
[yorkstreetspa.com/wp-json/wp/v2/pages/2594.json]
[yorkstreetspa.com/wp-json/oembed/1.0/embeddae7.json]
[yorkstreetspa.com/salon/protective-styles/index.html]
[yorkstreetspa.com/wp-json/oembed/1.0/embed2b6e]
[yorkstreetspa.com/wp-content/uploads/elementor/css/post-17820eed.css]
[yorkstreetspa.com/wp-json/wp/v2/pages/1782.json]
[yorkstreetspa.com/wp-json/oembed/1.0/embeddcde.json]
[yorkstreetspa.com/wp-json/oembed/1.0/embedb725]
[yorkstreetspa.com/wp-content/uploads/2024/04/23915902_2223738567651722_5350926389589186735_n.jpg]
[yorkstreetspa.com/salon/hair-extensions/index.html]
[yorkstreetspa.com/wp-content/uploads/elementor/css/post-1860cc5d.css]
[yorkstreetspa.com/wp-json/wp/v2/pages/1860.json]
[yorkstreetspa.com/wp-json/oembed/1.0/embed9ba9.json]
[yorkstreetspa.com/wp-json/oembed/1.0/embed5dcd]
[yorkstreetspa.com/wp-content/uploads/2023/12/spa-products.jpg]
[yorkstreetspa.com/facials/aveda-facial/index.html]
[yorkstreetspa.com/wp-content/uploads/elementor/css/post-745cc5d.css]
[yorkstreetspa.com/facials/index.html]
[yorkstreetspa.com/wp-json/wp/v2/pages/745.json]
[yorkstreetspa.com/wp-json/oembed/1.0/embedc368.json]
[yorkstreetspa.com/body/index.html]
[yorkstreetspa.com/wp-json/oembed/1.0/embed86f2]
[yorkstreetspa.com/wp-content/uploads/elementor/css/post-19259281.css]
[yorkstreetspa.com/wp-json/wp/v2/pages/1925.json]
[yorkstreetspa.com/wp-json/oembed/1.0/embed4b22.json]
[yorkstreetspa.com/sauna/index.html]
[yorkstreetspa.com/wp-json/oembed/1.0/embed5ff5]
[yorkstreetspa.com/wp-content/uploads/elementor/css/post-8239281.css]
[yorkstreetspa.com/wp-json/wp/v2/pages/823.json]
[yorkstreetspa.com/wp-json/oembed/1.0/embedbdf4.json]
[yorkstreetspa.com/waxing/index.html]
[yorkstreetspa.com/wp-json/oembed/1.0/embed5087]
[yorkstreetspa.com/wp-content/uploads/elementor/css/post-19729281.css]
[yorkstreetspa.com/wp-json/wp/v2/pages/1972.json]
[yorkstreetspa.com/wp-json/oembed/1.0/embed01ae.json]
[yorkstreetspa.com/wp-json/oembed/1.0/embed2c3a]
[yorkstreetspa.com/wp-content/uploads/2024/04/39954419_540582793030457_7333622349721239552_n.jpg]
[yorkstreetspa.com/wp-content/uploads/2023/12/YorkStreetSpaNailsCND.png]
[yorkstreetspa.com/manicure/index.html]
[yorkstreetspa.com/wp-content/uploads/elementor/css/post-19859281.css]
[yorkstreetspa.com/wp-json/wp/v2/pages/1985.json]
[yorkstreetspa.com/wp-json/oembed/1.0/embed6b7d.json]
[yorkstreetspa.com/wp-json/oembed/1.0/embed7f65]
[yorkstreetspa.com/wp-content/uploads/2024/04/spa_pedi2.png]
[yorkstreetspa.com/pedicure/index.html]
[yorkstreetspa.com/wp-content/uploads/elementor/css/post-5729281.css]
[yorkstreetspa.com/wp-json/wp/v2/pages/572.json]
[yorkstreetspa.com/wp-json/oembed/1.0/embed261c.json]
[yorkstreetspa.com/wp-json/oembed/1.0/embed3a13]
[yorkstreetspa.com/wp-content/uploads/2023/12/cdn.cliqueinc.com__cache__posts__223600__eyebrow-microblading-223600-1494355541018-main.700x0c-0f1b2f14b016420090f9943e3f5dd052.jpg]
[yorkstreetspa.com/lash-extension/index.html]
[yorkstreetspa.com/wp-content/uploads/elementor/css/post-20389281.css]
[yorkstreetspa.com/wp-json/wp/v2/pages/2038.json]
[yorkstreetspa.com/wp-json/oembed/1.0/embed5b33.json]
[yorkstreetspa.com/wp-json/oembed/1.0/embedfc8b]
[yorkstreetspa.com/lifting-tinting/index.html]
[yorkstreetspa.com/wp-content/uploads/elementor/css/post-20589281.css]
[yorkstreetspa.com/wp-json/wp/v2/pages/2058.json]
[yorkstreetspa.com/wp-json/oembed/1.0/embed3c04.json]
[yorkstreetspa.com/makeup/index.html]
[yorkstreetspa.com/wp-json/oembed/1.0/embedcd3c]
[yorkstreetspa.com/wp-content/uploads/elementor/css/post-20759281.css]
[yorkstreetspa.com/wp-json/wp/v2/pages/2075.json]
[yorkstreetspa.com/wp-json/oembed/1.0/embed56d8.json]
[yorkstreetspa.com/wp-json/oembed/1.0/embed65e3]
[yorkstreetspa.com/microblading/index.html]
[yorkstreetspa.com/wp-content/uploads/2024/04/356082474_738031954989693_596740242888165450_n.jpg]
[yorkstreetspa.com/wp-content/uploads/elementor/css/post-21049281.css]
[yorkstreetspa.com/wp-json/wp/v2/pages/2104.json]
[yorkstreetspa.com/wp-json/oembed/1.0/embed5484.json]
[yorkstreetspa.com/wp-json/oembed/1.0/embed0a00]
[yorkstreetspa.com/wp-content/uploads/2024/04/dl.beatsnoop.com-final-vbEjP6XuBY.jpg]
[yorkstreetspa.com/microneedling/index.html]
[yorkstreetspa.com/wp-content/uploads/elementor/css/post-21329281.css]
[yorkstreetspa.com/wp-json/wp/v2/pages/2132.json]
[yorkstreetspa.com/wp-json/oembed/1.0/embed4f71.json]
[yorkstreetspa.com/wp-json/oembed/1.0/embedfb89]
[yorkstreetspa.com/wp-content/uploads/2024/04/13173447_1378379112187676_2656997326617726252_o.jpg]
[yorkstreetspa.com/cosmetic-injectables/index.html]
[yorkstreetspa.com/wp-content/uploads/elementor/css/post-2145661f.css]
[yorkstreetspa.com/wp-json/wp/v2/pages/2145.json]
[yorkstreetspa.com/wp-json/oembed/1.0/embed7fbc.json]
[yorkstreetspa.com/wp-json/oembed/1.0/embed27b9]
[yorkstreetspa.com/wp-content/uploads/2024/01/13173447_1378379112187676_2656997326617726252_o.jpg]
[yorkstreetspa.com/cosmetic-injectables/botox-2/index.html]
[yorkstreetspa.com/wp-content/uploads/elementor/css/post-2163661f.css]
[yorkstreetspa.com/wp-json/wp/v2/pages/2163.json]
[yorkstreetspa.com/wp-json/oembed/1.0/embed0332.json]
[yorkstreetspa.com/cosmetic-injectables/dermal-filler/index.html]
[yorkstreetspa.com/wp-json/oembed/1.0/embed95e4]
[yorkstreetspa.com/wp-content/uploads/elementor/css/post-2184661f.css]
[yorkstreetspa.com/wp-json/wp/v2/pages/2184.json]
[yorkstreetspa.com/wp-json/oembed/1.0/embed658c.json]
[yorkstreetspa.com/wp-json/oembed/1.0/embed3f94]
[yorkstreetspa.com/laser-services/index.html]
[yorkstreetspa.com/wp-content/uploads/elementor/css/post-2204661f.css]
[yorkstreetspa.com/wp-json/wp/v2/pages/2204.json]
[yorkstreetspa.com/wp-json/oembed/1.0/embed5048.json]
[yorkstreetspa.com/wp-json/oembed/1.0/embed9504]
[yorkstreetspa.com/wp-content/uploads/2024/04/11025736_1074627655896158_1654022531658890217_ns.png]
[yorkstreetspa.com/laser-hair-removal/index.html]
[yorkstreetspa.com/wp-content/uploads/elementor/css/post-2228661f.css]
[yorkstreetspa.com/wp-json/wp/v2/pages/2228.json]
[yorkstreetspa.com/wp-json/oembed/1.0/embeda613.json]
[yorkstreetspa.com/skin-tightening/index.html]
[yorkstreetspa.com/wp-json/oembed/1.0/embedf355]
[yorkstreetspa.com/wp-content/uploads/elementor/css/post-2242661f.css]
[yorkstreetspa.com/wp-json/wp/v2/pages/2242.json]
[yorkstreetspa.com/wp-json/oembed/1.0/embed819f.json]
[yorkstreetspa.com/skin-rejuvenation/index.html]
[yorkstreetspa.com/wp-json/oembed/1.0/embed84a3]
[yorkstreetspa.com/wp-content/uploads/elementor/css/post-225413cc.css]
[yorkstreetspa.com/wp-json/wp/v2/pages/2254.json]
[yorkstreetspa.com/wp-json/oembed/1.0/embed58ac.json]
[yorkstreetspa.com/wp-json/oembed/1.0/embed72fa]
[yorkstreetspa.com/wp-content/uploads/2024/04/10610785_965603853465206_6476548700620967651_n.jpg]
[yorkstreetspa.com/vascular-issues-pigmentation-and-lesion-treatment/index.html]
[yorkstreetspa.com/wp-content/uploads/elementor/css/post-2270a9c3.css]
[yorkstreetspa.com/wp-json/wp/v2/pages/2270.json]
[yorkstreetspa.com/wp-json/oembed/1.0/embed5449.json]
[yorkstreetspa.com/massage-therapy/index.html]
[yorkstreetspa.com/wp-json/oembed/1.0/embedf68d]
[yorkstreetspa.com/wp-content/uploads/elementor/css/post-108213cc.css]
[yorkstreetspa.com/wp-json/wp/v2/pages/1082.json]
[yorkstreetspa.com/wp-json/oembed/1.0/embedeed8.json]
[yorkstreetspa.com/wp-json/oembed/1.0/embed8207]
[yorkstreetspa.com/wp-content/uploads/2024/01/1s.png]
[yorkstreetspa.com/wp-content/uploads/2024/01/wed.png]
[yorkstreetspa.com/wp-content/uploads/2024/01/ys-1-1024x683.png]
[yorkstreetspa.com/wp-content/uploads/2024/01/ys-2-1024x683.png]
[yorkstreetspa.com/wp-content/uploads/2024/01/ys-3-1024x683.png]
[yorkstreetspa.com/wedding/index.html]
[yorkstreetspa.com/wp-content/uploads/elementor/css/post-231613cc.css]
[yorkstreetspa.com/wp-json/wp/v2/pages/2316.json]
[yorkstreetspa.com/wp-json/oembed/1.0/embed1855.json]
[yorkstreetspa.com/wp-json/oembed/1.0/embed1686]
[yorkstreetspa.com/wp-content/uploads/2024/04/380684715_793894509403437_5217554212960034571_nds.png]
[yorkstreetspa.com/catalog-retail/index.html]
[yorkstreetspa.com/wp-content/plugins/elementor/assets/lib/animations/animations.min5f06.css]
[yorkstreetspa.com/wp-content/uploads/trustindex-google-widget0a42.css]
[yorkstreetspa.com/wp-content/plugins/elementor/assets/lib/e-gallery/css/e-gallery.min7359.css]
[yorkstreetspa.com/wp-content/themes/twentyseventeen/assets/js/jquery.scrollTo4c71.js]
[yorkstreetspa.com/wp-content/plugins/elementor/assets/lib/e-gallery/js/e-gallery.min7359.js]
[yorkstreetspa.com/wp-content/plugins/elementor-pro/assets/lib/smartmenus/jquery.smartmenus.minf269.js]
[yorkstreetspa.com/wp-content/plugins/elementor-pro/assets/js/webpack-pro.runtime.minaad7.js]
[yorkstreetspa.com/wp-content/plugins/elementor/assets/js/webpack.runtime.min5f06.js]
[yorkstreetspa.com/wp-content/plugins/elementor/assets/js/frontend-modules.min5f06.js]
[yorkstreetspa.com/wp-includes/js/dist/vendor/wp-polyfill-inert.min0226.js]
[yorkstreetspa.com/wp-includes/js/dist/vendor/regenerator-runtime.min6c85.js]
[yorkstreetspa.com/wp-includes/js/dist/vendor/wp-polyfill.min2c7c.js]
[yorkstreetspa.com/wp-includes/js/dist/hooks.min2ebd.js]
[yorkstreetspa.com/wp-includes/js/dist/i18n.minf92f.js]
[yorkstreetspa.com/wp-content/plugins/elementor-pro/assets/js/frontend.minaad7.js]
[yorkstreetspa.com/wp-content/plugins/elementor/assets/lib/waypoints/waypoints.min05da.js]
[yorkstreetspa.com/wp-includes/js/jquery/ui/core.min3f14.js]
[yorkstreetspa.com/-negative.svg]
[yorkstreetspa.com/wp-content/plugins/elementor/assets/js/frontend.min5f06.js]
[yorkstreetspa.com/e]
[yorkstreetspa.com/OPR/index.html]
[yorkstreetspa.com/window.location.href]
[yorkstreetspa.com/document.location]
[yorkstreetspa.com/wp-content/plugins/elementor-pro/assets/js/preloaded-elements-handlers.minaad7.js]
[yorkstreetspa.com/wp-content/plugins/elementor-pro/assets/lib/sticky/jquery.sticky.minaad7.js]
[yorkstreetspa.com/wp-content/uploads/elementor/css/post-1317ef64.css]
[yorkstreetspa.com/wp-content/uploads/2023/12/YorkStreetSpaw.png]
[yorkstreetspa.com/wp-content/uploads/elementor/css/post-44545c3.css]
[yorkstreetspa.com/wp-content/plugins/gravityforms/fonts/gform-icons-themef60a.woff2]
[yorkstreetspa.com/wp-content/plugins/gravityforms/fonts/gform-icons-themef60a.ttf]
[yorkstreetspa.com/wp-content/plugins/gravityforms/fonts/gform-icons-themef60a.woff]
[yorkstreetspa.com/wp-content/plugins/gravityforms/fonts/gform-icons-themef60a.svg]
[yorkstreetspa.com/wp-content/plugins/gravityforms/legacy/css/chosen-sprite.png]
[yorkstreetspa.com/wp-content/plugins/gravityforms/legacy/css/chosen-sprite@2x.png]
[yorkstreetspa.com/wp-content/plugins/gravityforms/images/gf-creditcards.svg]
[yorkstreetspa.com/wp-content/plugins/gravityforms/images/list-add.svg]
[yorkstreetspa.com/wp-content/plugins/gravityforms/images/list-remove.svg]
[yorkstreetspa.com/wp-content/plugins/gravityforms/assets/css/dist/basic.minfae6.css]
[yorkstreetspa.com/wp-content/plugins/gravityforms/assets/css/dist/theme-components.minfae6.css]
[yorkstreetspa.com/wp-content/plugins/gravityforms/assets/css/dist/theme-ie11.minfae6.css]
[yorkstreetspa.com/wp-content/plugins/gravityforms/images/theme/down-arrow.svg]
[yorkstreetspa.com/wp-content/plugins/gravityforms/assets/css/dist/theme.minfae6.css]
[yorkstreetspa.com/wp-content/plugins/gravityforms/js/jquery.json.minfae6.js]
[yorkstreetspa.com/wp-content/plugins/gravityforms/js/gravityforms.minfae6.js]
[yorkstreetspa.com/wp-content/plugins/gravityforms/assets/js/dist/utils.minbdb4.js]
[yorkstreetspa.com/index1e59.html]
[yorkstreetspa.com/wp-content/plugins/elementor-pro/assets/css/widget-theme-elements.min.css]
[yorkstreetspa.com/wp-content/plugins/gravityforms/images/spinner.svg]
[yorkstreetspa.com/wp-includes/js/dist/dom-ready.minded6.js]
[yorkstreetspa.com/wp-includes/js/dist/a11y.min866e.js]
[yorkstreetspa.com/wp-content/plugins/gravityforms/js/jquery.textareaCounter.plugin.minfae6.js]
[yorkstreetspa.com/wp-content/plugins/gravityforms/js/jquery.maskedinput.minfae6.js]
[yorkstreetspa.com/wp-content/plugins/gravityforms/js/placeholders.jquery.minfae6.js]
[yorkstreetspa.com/wp-content/plugins/gravityforms/assets/js/dist/vendor-theme.minca9e.js]
[yorkstreetspa.com/wp-content/plugins/gravityforms/assets/js/dist/scripts-theme.min00af.js]
[yorkstreetspa.com/wp-content/uploads/elementor/css/post-26360178.css]
[yorkstreetspa.com/indexac9f.html]
[yorkstreetspa.com/wp-content/uploads/elementor/css/post-65021dd.css]
[yorkstreetspa.com/indexf034.html]
[yorkstreetspa.com/wp-content/uploads/elementor/css/post-453deca.css]
[yorkstreetspa.com/index06d3.html]
[yorkstreetspa.com/indexc471.html]
[yorkstreetspa.com/wp-content/uploads/elementor/css/post-25738be7.css]
[yorkstreetspa.com/wp-json/wp/v2/pages/2573.json]
[yorkstreetspa.com/wp-json/oembed/1.0/embed60b5.json]
[yorkstreetspa.com/wp-json/oembed/1.0/embed81a9]
[yorkstreetspa.com/wp-content/uploads/2024/04/32559019_2473898535969056_2389153898603479040_n.jpg]
[yorkstreetspa.com/salon/treatment/index.html]
[yorkstreetspa.com/wp-content/uploads/elementor/css/post-209413cc.css]
[yorkstreetspa.com/index96d7.html]
[yorkstreetspa.com/wp-content/uploads/elementor/css/post-228713cc.css]
[yorkstreetspa.com/indexb073.html]
[yorkstreetspa.com/wp-content/uploads/elementor/css/post-106513cc.css]
[yorkstreetspa.com/index6421.html]
[yorkstreetspa.com/wp-content/plugins/gravityformsppcp/assets/css/dist/theme.min6b00.css]
[yorkstreetspa.com/wp-content/plugins/gravityforms/js/conditional_logic.minfae6.js]
[yorkstreetspa.com/wp-content/plugins/gravityforms/includes/addon/js/gaddon_frontend.minfae6.js]
[yorkstreetspa.com/wp-content/plugins/gravityformsppcp/assets/js/dist/frontend.min6b00.js]
[yorkstreetspa.com/wp-json/wp/v2/pages/2856.json]
[yorkstreetspa.com/wp-json/oembed/1.0/embed5701.json]
[yorkstreetspa.com/buy-gift-card-paypal/index.html]
[yorkstreetspa.com/wp-content/uploads/elementor/css/post-230013cc.css]
[yorkstreetspa.com/index1c75.html]
[yorkstreetspa.com/wp-content/uploads/elementor/css/post-238645c3.css]
[yorkstreetspa.com/index9210.html]
[yorkstreetspa.com/wp-json/oembed/1.0/embed6998]
[yorkstreetspa.com/wp-content/uploads/elementor/css/post-1126a233.css]
[yorkstreetspa.com/wp-json/wp/v2/pages/1126.json]
[yorkstreetspa.com/wp-json/oembed/1.0/embed360f.json]
[yorkstreetspa.com/wp-json/oembed/1.0/embedbc49]
[yorkstreetspa.com/wp-content/uploads/2024/01/IMG-18592-768x1024.jpg]
[yorkstreetspa.com/wp-content/uploads/2024/01/Kenneth-683x1024.jpg]
[yorkstreetspa.com/wp-content/uploads/2024/01/IMG_42484-768x1024.jpg]
[yorkstreetspa.com/wp-content/uploads/2024/01/Lanie-683x1024.jpg]
[yorkstreetspa.com/wp-content/uploads/2024/01/michellepic2-783x1024.jpg]
[yorkstreetspa.com/salon-team/index.html]
[yorkstreetspa.com/wp-content/uploads/elementor/css/post-11872704.css]
[yorkstreetspa.com/wp-json/wp/v2/pages/1187.json]
[yorkstreetspa.com/wp-json/oembed/1.0/embed28c7.json]
[yorkstreetspa.com/wp-json/oembed/1.0/embedaac1]
[yorkstreetspa.com/wp-content/uploads/2024/01/Voula-683x1024.jpg]
[yorkstreetspa.com/wp-content/uploads/2024/01/Genowefa-683x1024.jpg]
[yorkstreetspa.com/wp-content/uploads/2024/01/Tanya-683x1024.jpg]
[yorkstreetspa.com/wp-content/uploads/2024/01/Melanie-683x1024.jpg]
[yorkstreetspa.com/wp-content/uploads/2024/01/Marcia-683x1024.jpg]
[yorkstreetspa.com/wp-content/uploads/2024/01/Sasha-683x1024.jpg]
[yorkstreetspa.com/wp-content/uploads/2024/01/Screenshot-at-Jan-03-00-06-22-1024x768.png]
[yorkstreetspa.com/spa-team/index.html]
[yorkstreetspa.com/wp-content/uploads/elementor/css/post-1221a361.css]
[yorkstreetspa.com/wp-json/wp/v2/pages/1221.json]
[yorkstreetspa.com/wp-json/oembed/1.0/embed99c7.json]
[yorkstreetspa.com/wp-json/oembed/1.0/embedcf5c]
[yorkstreetspa.com/wp-content/uploads/2024/01/Jason-683x1024.jpg]
[yorkstreetspa.com/wp-content/uploads/2024/01/tempFileForShare_20231111-0905225.jpg]
[yorkstreetspa.com/wp-content/uploads/2024/01/IMG-3280-473x1024.jpg]
[yorkstreetspa.com/massage-team/index.html]
[yorkstreetspa.com/wp-content/uploads/elementor/css/post-1261661f.css]
[yorkstreetspa.com/wp-json/wp/v2/pages/1261.json]
[yorkstreetspa.com/wp-json/oembed/1.0/embed0ce8.json]
[yorkstreetspa.com/wp-json/oembed/1.0/embedb7a1]
[yorkstreetspa.com/wp-content/uploads/2024/01/Andy-791x1024.jpg]
[yorkstreetspa.com/wp-content/uploads/2024/01/IMG_5780bw-585x1024.jpg]
[yorkstreetspa.com/support-team/index.html]
[yorkstreetspa.com/wp-content/uploads/elementor/css/post-12518b19.css]
[yorkstreetspa.com/wp-json/wp/v2/pages/1251.json]
[yorkstreetspa.com/wp-json/oembed/1.0/embed9d39.json]
[yorkstreetspa.com/wp-json/oembed/1.0/embed00a5]
[yorkstreetspa.com/wp-content/uploads/2024/01/9B57FD14-9AAE-4BDD-97C2-D5D1E280D7081.jpg]
[yorkstreetspa.com/cosmetic-injector/index.html]
[yorkstreetspa.com/wp-content/uploads/elementor/css/post-1272e80f.css]
[yorkstreetspa.com/index0916.html]
[yorkstreetspa.com/wp-content/uploads/elementor/css/post-1554b2fa.css]
[yorkstreetspa.com/index1a80.html]
[yorkstreetspa.com/wp-content/uploads/elementor/css/post-15061657.css]
[yorkstreetspa.com/indexf937.html]
[yorkstreetspa.com/wp-content/uploads/elementor/css/post-15827a35.css]
[yorkstreetspa.com/index67b4.html]
[yorkstreetspa.com/wp-content/uploads/elementor/css/post-161089da.css]
[yorkstreetspa.com/index4cea.html]
[yorkstreetspa.com/wp-content/uploads/elementor/css/post-2550661f.css]
[yorkstreetspa.com/index100d.html]
[yorkstreetspa.com/wp-content/uploads/elementor/css/post-2612a190.css]
[yorkstreetspa.com/index419b.html]
[yorkstreetspa.com/wp-content/uploads/elementor/css/post-25943640.css]
[yorkstreetspa.com/index79da.html]
[yorkstreetspa.com/wp-content/uploads/elementor/css/post-17820eed.css]
[yorkstreetspa.com/indexc73b.html]
[yorkstreetspa.com/wp-content/uploads/elementor/css/post-1860cc5d.css]
[yorkstreetspa.com/index05e8.html]
[yorkstreetspa.com/wp-content/uploads/elementor/css/post-700cc5d.css]
[yorkstreetspa.com/wp-json/wp/v2/pages/700.json]
[yorkstreetspa.com/wp-json/oembed/1.0/embed2b8a.json]
[yorkstreetspa.com/wp-json/oembed/1.0/embedf690]
[yorkstreetspa.com/wp-content/uploads/2023/12/faciald.png]
[yorkstreetspa.com/facials/index.html]
[yorkstreetspa.com/wp-content/uploads/elementor/css/post-745cc5d.css]
[yorkstreetspa.com/indexaaca.html]
[yorkstreetspa.com/wp-content/uploads/elementor/css/post-19259281.css]
[yorkstreetspa.com/index46b2.html]
[yorkstreetspa.com/wp-content/uploads/elementor/css/post-8239281.css]
[yorkstreetspa.com/index3239.html]
[yorkstreetspa.com/wp-content/uploads/elementor/css/post-19729281.css]
[yorkstreetspa.com/indexb6a6.html]
[yorkstreetspa.com/wp-content/uploads/elementor/css/post-19859281.css]
[yorkstreetspa.com/index46ab.html]
[yorkstreetspa.com/wp-content/uploads/elementor/css/post-5729281.css]
[yorkstreetspa.com/index273a.html]
[yorkstreetspa.com/wp-content/uploads/elementor/css/post-20389281.css]
[yorkstreetspa.com/indexc7d1.html]
[yorkstreetspa.com/wp-content/uploads/elementor/css/post-20589281.css]
[yorkstreetspa.com/indexb0e0.html]
[yorkstreetspa.com/wp-content/uploads/elementor/css/post-20759281.css]
[yorkstreetspa.com/indexcfcd.html]
[yorkstreetspa.com/wp-content/uploads/elementor/css/post-21049281.css]
[yorkstreetspa.com/indexde16.html]
[yorkstreetspa.com/wp-content/uploads/elementor/css/post-21329281.css]
[yorkstreetspa.com/indexee0c.html]
[yorkstreetspa.com/wp-content/uploads/elementor/css/post-2145661f.css]
[yorkstreetspa.com/index3095.html]
[yorkstreetspa.com/wp-content/uploads/elementor/css/post-2163661f.css]
[yorkstreetspa.com/index1800.html]
[yorkstreetspa.com/wp-content/uploads/2024/04/11025736_1074627655896158_1654022531658890217_n.jpg]
[yorkstreetspa.com/wp-content/uploads/elementor/css/post-2184661f.css]
[yorkstreetspa.com/indexcc85.html]
[yorkstreetspa.com/wp-content/uploads/elementor/css/post-2204661f.css]
[yorkstreetspa.com/indexea2e.html]
[yorkstreetspa.com/wp-content/uploads/elementor/css/post-2228661f.css]
[yorkstreetspa.com/index2a43.html]
[yorkstreetspa.com/wp-content/uploads/elementor/css/post-2242661f.css]
[yorkstreetspa.com/indexde4f.html]
[yorkstreetspa.com/wp-content/uploads/elementor/css/post-225413cc.css]
[yorkstreetspa.com/indexb4d4.html]
[yorkstreetspa.com/wp-content/uploads/elementor/css/post-2270a9c3.css]
[yorkstreetspa.com/index8ee8.html]
[yorkstreetspa.com/wp-content/uploads/elementor/css/post-108213cc.css]
[yorkstreetspa.com/indexc141.html]
[yorkstreetspa.com/wp-content/uploads/elementor/css/post-231613cc.css]
[yorkstreetspa.com/index96c2.html]
[yorkstreetspa.com/-negative.html]
[yorkstreetspa.com/OPR/index.html]
[yorkstreetspa.com/e.html]
[yorkstreetspa.com/window.location.html]
[yorkstreetspa.com/document.html]
[yorkstreetspa.com/wp-content/plugins/gravityforms/fonts/gform-icons-themef60a.svg]
[yorkstreetspa.com/wp-content/plugins/gravityforms/images/gf-creditcards.svg]
[yorkstreetspa.com/wp-content/plugins/gravityforms/images/gf-creditcards-check.svg]
[yorkstreetspa.com/wp-content/plugins/gravityforms/images/list-add.svg]
[yorkstreetspa.com/wp-content/plugins/gravityforms/images/list-remove.svg]
[yorkstreetspa.com/wp-content/plugins/gravityforms/images/theme/down-arrow.svg]
[yorkstreetspa.com/wp-content/uploads/elementor/css/post-25738be7.css]
[yorkstreetspa.com/index8cd0.html]
[yorkstreetspa.com/wp-content/plugins/gravityformsppcp/assets/css/dist/theme.min6b00.css]
[yorkstreetspa.com/wp-content/plugins/gravityforms/js/conditional_logic.minfae6.js]
[yorkstreetspa.com/wp-content/plugins/gravityforms/includes/addon/js/gaddon_frontend.minfae6.js]
[yorkstreetspa.com/wp-content/plugins/gravityformsppcp/assets/js/dist/frontend.min6b00.js]
[yorkstreetspa.com/index261a.html]
[yorkstreetspa.com/wp-content/uploads/elementor/css/post-1126a233.css]
[yorkstreetspa.com/index55d9.html]
[yorkstreetspa.com/wp-content/uploads/elementor/css/post-11872704.css]
[yorkstreetspa.com/index9aa6.html]
[yorkstreetspa.com/wp-content/uploads/elementor/css/post-1221a361.css]
[yorkstreetspa.com/index1596.html]
[yorkstreetspa.com/wp-content/uploads/elementor/css/post-1261661f.css]
[yorkstreetspa.com/index4511.html]
[yorkstreetspa.com/wp-content/uploads/elementor/css/post-12518b19.css]
[yorkstreetspa.com/indexfb45.html]
[yorkstreetspa.com/wp-content/uploads/2024/04/yss1s.png]
[yorkstreetspa.com/wp-content/uploads/elementor/css/post-700cc5d.css]
[yorkstreetspa.com/index39c5.html]
[yorkstreetspa.com/indexf255.html]
[yorkstreetspa.com/indexf255.html]
